Microchip MPLAB XC8 Compiler V2.32

Linker command line:

-W-3 --edf=C:\Program Files\Microchip\xc8\v2.32\pic\dat\en_msgs.txt -cn \
  -h+dist/default/production\PCA9685.X.production.sym \
  --cmf=dist/default/production\PCA9685.X.production.cmf -z -Q16F1827 \
  -oC:\Users\dexte\AppData\Local\Temp\xcAs24o.4 --defsym=__MPLAB_BUILD=1 \
  -Mdist/default/production/PCA9685.X.production.map -E1 -ver=XC8 Compiler \
  --acfsm=1493 -ASTACK=02011h-0216Fh -pstack=STACK -ACODE=00h-07FFhx2 \
  -ASTRCODE=00h-0FFFh -ASTRING=00h-0FFhx16 -ACONST=00h-0FFhx16 \
  -AENTRY=00h-0FFhx16 -ACOMMON=070h-07Fh -ABANK0=020h-06Fh \
  -ABANK1=0A0h-0EFh -ABANK2=0120h-016Fh -ABANK3=01A0h-01EFh \
  -ABANK4=0220h-024Fh -ABIGRAM=02000h-0216Fh \
  -ARAM=020h-06Fh,0A0h-0EFh,0120h-016Fh,01A0h-01EFh,0220h-024Fh \
  -AABS1=020h-07Fh,0A0h-0EFh,0120h-016Fh,01A0h-01EFh,0220h-024Fh \
  -ASFR0=00h-01Fh -ASFR1=080h-09Fh -ASFR2=0100h-011Fh -ASFR3=0180h-019Fh \
  -ASFR4=0200h-021Fh -ASFR5=0280h-02EFh -ASFR6=0300h-036Fh \
  -ASFR7=0380h-03EFh -ASFR8=0400h-046Fh -ASFR9=0480h-04EFh \
  -ASFR10=0500h-056Fh -ASFR11=0580h-05EFh -ASFR12=0600h-066Fh \
  -ASFR13=0680h-06EFh -ASFR14=0700h-076Fh -ASFR15=0780h-07EFh \
  -ASFR16=0800h-086Fh -ASFR17=0880h-08EFh -ASFR18=0900h-096Fh \
  -ASFR19=0980h-09EFh -ASFR20=0A00h-0A6Fh -ASFR21=0A80h-0AEFh \
  -ASFR22=0B00h-0B6Fh -ASFR23=0B80h-0BEFh -ASFR24=0C00h-0C6Fh \
  -ASFR25=0C80h-0CEFh -ASFR26=0D00h-0D6Fh -ASFR27=0D80h-0DEFh \
  -ASFR28=0E00h-0E6Fh -ASFR29=0E80h-0EEFh -ASFR30=0F00h-0F6Fh \
  -ASFR31=0F80h-0FEFh -ACONFIG=08007h-08008h -DCONFIG=2 \
  -AIDLOC=08000h-08003h -DIDLOC=2 -AEEDATA=00h-0FFh/0F000h \
  -peeprom_data=EEDATA -DEEDATA=2 -DCODE=2 -DSTRCODE=2 -DSTRING=2 -DCONST=2 \
  -DENTRY=2 -preset_vec=00h,intentry,init,end_init -ppowerup=CODE \
  -pcinit=CODE -pfunctab=ENTRY -k \
  C:\Users\dexte\AppData\Local\Temp\xcAs24o.o \
  dist/default/production\PCA9685.X.production.o 

Object code version is 3.11

Machine type is 16F1827



                Name                               Link     Load   Length Selector   Space Scale
C:\Users\dexte\AppData\Local\Temp\xcAs24o.o
                end_init                              2        2        2        0       0
                reset_vec                             0        0        2        0       0
                config                             8007     8007        2        0       4
dist/default/production\PCA9685.X.production.o
                cinit                               7FD      7FD        3      FFA       0
                config                             8007     8007        2        0       4
                text19                              5C5      5C5        7      B8A       0
                text18                              634      634       16      C68       0
                text17                              5C1      5C1        4      B82       0
                text16                              5D3      5D3        A      BA6       0
                text15                              5F1      5F1        C      BE2       0
                text14                              5DD      5DD        A      BBA       0
                text13                              5CC      5CC        7      B98       0
                text12                              5FD      5FD       10      BFA       0
                text11                              60D      60D       13      C1A       0
                text10                              715      715       3C      E2A       0
                text9                               661      661       1F      CC2       0
                text8                               69F      69F       25      D3E       0
                text7                               6C4      6C4       28      D88       0
                text6                               6EC      6EC       29      DD8       0
                text5                               64A      64A       17      C94       0
                text4                               5E7      5E7        A      BCE       0
                text3                               680      680       1F      D00       0
                text2                               620      620       14      C40       0
                text1                               7A4      7A4       59      F48       0
                maintext                            751      751       53      EA2       0
                cstackBANK0                          20       20       11       20       1
                cstackCOMMON                         70       70        E       70       1

TOTAL           Name                               Link     Load   Length     Space
        CLASS   STACK          

        CLASS   CODE           
                end_init                              2        2        2         0
                cinit                               7FD      7FD        3         0
                reset_vec                             0        0        2         0
                text19                              5C5      5C5        7         0
                text18                              634      634       16         0
                text17                              5C1      5C1        4         0
                text16                              5D3      5D3        A         0
                text15                              5F1      5F1        C         0
                text14                              5DD      5DD        A         0
                text13                              5CC      5CC        7         0
                text12                              5FD      5FD       10         0
                text11                              60D      60D       13         0
                text10                              715      715       3C         0
                text9                               661      661       1F         0
                text8                               69F      69F       25         0
                text7                               6C4      6C4       28         0
                text6                               6EC      6EC       29         0
                text5                               64A      64A       17         0
                text4                               5E7      5E7        A         0
                text3                               680      680       1F         0
                text2                               620      620       14         0
                text1                               7A4      7A4       59         0
                maintext                            751      751       53         0

        CLASS   STRCODE        

        CLASS   STRING         

        CLASS   CONST          

        CLASS   ENTRY          

        CLASS   COMMON         
                cstackCOMMON                         70       70        E         1

        CLASS   BANK0          
                cstackBANK0                          20       20       11         1

        CLASS   BANK1          

        CLASS   BANK2          

        CLASS   BANK3          

        CLASS   BANK4          

        CLASS   BIGRAM         

        CLASS   RAM            

        CLASS   ABS1           
                abs_s1                               7E       7E        2         1

        CLASS   SFR0           

        CLASS   SFR1           

        CLASS   SFR2           

        CLASS   SFR3           

        CLASS   SFR4           

        CLASS   SFR5           

        CLASS   SFR6           

        CLASS   SFR7           

        CLASS   SFR8           

        CLASS   SFR9           

        CLASS   SFR10          

        CLASS   SFR11          

        CLASS   SFR12          

        CLASS   SFR13          

        CLASS   SFR14          

        CLASS   SFR15          

        CLASS   SFR16          

        CLASS   SFR17          

        CLASS   SFR18          

        CLASS   SFR19          

        CLASS   SFR20          

        CLASS   SFR21          

        CLASS   SFR22          

        CLASS   SFR23          

        CLASS   SFR24          

        CLASS   SFR25          

        CLASS   SFR26          

        CLASS   SFR27          

        CLASS   SFR28          

        CLASS   SFR29          

        CLASS   SFR30          

        CLASS   SFR31          

        CLASS   CONFIG         
                config                             8007     8007        2         4

        CLASS   IDLOC          

        CLASS   EEDATA         

        CLASS   BANK31         

        CLASS   BANK30         

        CLASS   BANK29         

        CLASS   BANK28         

        CLASS   BANK27         

        CLASS   BANK26         

        CLASS   BANK25         

        CLASS   BANK24         

        CLASS   BANK23         

        CLASS   BANK22         

        CLASS   BANK21         

        CLASS   BANK20         

        CLASS   BANK19         

        CLASS   BANK18         

        CLASS   BANK17         

        CLASS   BANK16         

        CLASS   BANK15         

        CLASS   BANK14         

        CLASS   BANK13         

        CLASS   BANK12         

        CLASS   BANK11         

        CLASS   BANK10         

        CLASS   BANK9          

        CLASS   BANK8          

        CLASS   BANK7          

        CLASS   BANK6          

        CLASS   BANK5          



SEGMENTS        Name                           Load    Length   Top    Selector   Space  Class     Delta

                reset_vec                      000000  000004  000004         0       0  CODE        2
                cstackBANK0                    000020  000011  000031        20       1  BANK0       1
                cstackCOMMON                   000070  00000E  00007E        70       1  COMMON      1
                text17                         0005C1  000004  0005C5       B82       0  CODE        2
                text19                         0005C5  000007  0005CC       B8A       0  CODE        2
                text13                         0005CC  000007  0005D3       B98       0  CODE        2
                text16                         0005D3  00000A  0005DD       BA6       0  CODE        2
                text14                         0005DD  00000A  0005E7       BBA       0  CODE        2
                text4                          0005E7  00000A  0005F1       BCE       0  CODE        2
                text15                         0005F1  00000C  0005FD       BE2       0  CODE        2
                text12                         0005FD  000010  00060D       BFA       0  CODE        2
                text11                         00060D  000013  000620       C1A       0  CODE        2
                text2                          000620  000014  000634       C40       0  CODE        2
                text18                         000634  000016  00064A       C68       0  CODE        2
                text5                          00064A  000017  000661       C94       0  CODE        2
                text9                          000661  00001F  000680       CC2       0  CODE        2
                text3                          000680  00001F  00069F       D00       0  CODE        2
                text8                          00069F  000025  0006C4       D3E       0  CODE        2
                text7                          0006C4  000028  0006EC       D88       0  CODE        2
                text6                          0006EC  000029  000715       DD8       0  CODE        2
                text10                         000715  00003C  000751       E2A       0  CODE        2
                maintext                       000751  000053  0007A4       EA2       0  CODE        2
                text1                          0007A4  000059  0007FD       F48       0  CODE        2
                cinit                          0007FD  000003  000800       FFA       0  CODE        2


UNUSED ADDRESS RANGES

        Name                Unused          Largest block    Delta
        BANK0            00031-0006F              3F           1
        BANK1            000A0-000EF              50           1
        BANK2            00120-0016F              50           1
        BANK3            001A0-001EF              50           1
        BANK4            00220-0024F              30           1
        BIGRAM           02000-0216F             170           1
        CODE             00004-005C0             5BD           2
                         00800-00FFF             800
        CONST            00004-005C0             100           2
                         00800-00FFF             100
        EEDATA           0F000-0F0FF             100           2
        ENTRY            00004-005C0             100           2
                         00800-00FFF             100
        IDLOC            08000-08003               4           2
        RAM              00031-0006F              3F           1
                         000A0-000EF              50
                         00120-0016F              50
                         001A0-001EF              50
                         00220-0024F              30
        SFR0             00000-0001F              20           1
        SFR1             00080-0009F              20           1
        SFR10            00500-0056F              70           1
        SFR11            00580-005EF              70           1
        SFR12            00600-0066F              70           1
        SFR13            00680-006EF              70           1
        SFR14            00700-0076F              70           1
        SFR15            00780-007EF              70           1
        SFR16            00800-0086F              70           1
        SFR17            00880-008EF              70           1
        SFR18            00900-0096F              70           1
        SFR19            00980-009EF              70           1
        SFR2             00100-0011F              20           1
        SFR20            00A00-00A6F              70           1
        SFR21            00A80-00AEF              70           1
        SFR22            00B00-00B6F              70           1
        SFR23            00B80-00BEF              70           1
        SFR24            00C00-00C6F              70           1
        SFR25            00C80-00CEF              70           1
        SFR26            00D00-00D6F              70           1
        SFR27            00D80-00DEF              70           1
        SFR28            00E00-00E6F              70           1
        SFR29            00E80-00EEF              70           1
        SFR3             00180-0019F              20           1
        SFR30            00F00-00F6F              70           1
        SFR31            00F80-00FEF              70           1
        SFR4             00200-0021F              20           1
        SFR5             00280-002EF              70           1
        SFR6             00300-0036F              70           1
        SFR7             00380-003EF              70           1
        SFR8             00400-0046F              70           1
        SFR9             00480-004EF              70           1
        STACK            02011-0216F             15F           1
        STRCODE          00004-005C0             5BD           2
                         00800-00FFF             800
        STRING           00004-005C0             100           2
                         00800-00FFF             100

                                  Symbol Table

?___lwdiv                        cstackCOMMON 00076
?___wmul                         cstackCOMMON 00070
?_map                            cstackBANK0  00020
_ANSELA                          (abs)        0018C
_ANSELB                          (abs)        0018D
_APFCON0                         (abs)        0011D
_APFCON1                         (abs)        0011E
_BORCON                          (abs)        00116
_LATA                            (abs)        0010C
_LATB                            (abs)        0010D
_OPTION_REGbits                  (abs)        00095
_OSCCON                          (abs)        00099
_OSCILLATOR_Initialize           text19       005C5
_OSCTUNE                         (abs)        00098
_PIN_MANAGER_Initialize          text18       00634
_SSP2ADD                         (abs)        0021A
_SSP2BUF                         (abs)        00219
_SSP2CON1                        (abs)        0021D
_SSP2CON1bits                    (abs)        0021D
_SSP2CON2                        (abs)        0021E
_SSP2CON2bits                    (abs)        0021E
_SSP2STAT                        (abs)        0021C
_SSP2STATbits                    (abs)        0021C
_SYSTEM_Initialize               text16       005D3
_TRISA                           (abs)        0008C
_TRISB                           (abs)        0008D
_WDTCON                          (abs)        00097
_WDT_Initialize                  text17       005C1
_WPUA                            (abs)        0020C
_WPUB                            (abs)        0020D
__Habs1                          abs1         00000
__Hbank0                         bank0        00000
__Hbank1                         bank1        00000
__Hbank10                        bank10       00000
__Hbank11                        bank11       00000
__Hbank12                        bank12       00000
__Hbank13                        bank13       00000
__Hbank14                        bank14       00000
__Hbank15                        bank15       00000
__Hbank16                        bank16       00000
__Hbank17                        bank17       00000
__Hbank18                        bank18       00000
__Hbank19                        bank19       00000
__Hbank2                         bank2        00000
__Hbank20                        bank20       00000
__Hbank21                        bank21       00000
__Hbank22                        bank22       00000
__Hbank23                        bank23       00000
__Hbank24                        bank24       00000
__Hbank25                        bank25       00000
__Hbank26                        bank26       00000
__Hbank27                        bank27       00000
__Hbank28                        bank28       00000
__Hbank29                        bank29       00000
__Hbank3                         bank3        00000
__Hbank30                        bank30       00000
__Hbank31                        bank31       00000
__Hbank4                         bank4        00000
__Hbank5                         bank5        00000
__Hbank6                         bank6        00000
__Hbank7                         bank7        00000
__Hbank8                         bank8        00000
__Hbank9                         bank9        00000
__Hbigram                        bigram       00000
__Hcinit                         cinit        00800
__Hclrtext                       clrtext      00000
__Hcode                          code         00000
__Hcommon                        common       00000
__Hconfig                        config       08009
__HcstackBANK0                   cstackBANK0  00000
__HcstackCOMMON                  cstackCOMMON 00000
__Heeprom_data                   eeprom_data  00000
__Hend_init                      end_init     00004
__Hfunctab                       functab      00000
__Hinit                          init         00002
__Hintentry                      intentry     00002
__Hmaintext                      maintext     00000
__Hpowerup                       powerup      00000
__Hram                           ram          00000
__Hreset_vec                     reset_vec    00002
__Hsfr0                          sfr0         00000
__Hsfr1                          sfr1         00000
__Hsfr10                         sfr10        00000
__Hsfr11                         sfr11        00000
__Hsfr12                         sfr12        00000
__Hsfr13                         sfr13        00000
__Hsfr14                         sfr14        00000
__Hsfr15                         sfr15        00000
__Hsfr16                         sfr16        00000
__Hsfr17                         sfr17        00000
__Hsfr18                         sfr18        00000
__Hsfr19                         sfr19        00000
__Hsfr2                          sfr2         00000
__Hsfr20                         sfr20        00000
__Hsfr21                         sfr21        00000
__Hsfr22                         sfr22        00000
__Hsfr23                         sfr23        00000
__Hsfr24                         sfr24        00000
__Hsfr25                         sfr25        00000
__Hsfr26                         sfr26        00000
__Hsfr27                         sfr27        00000
__Hsfr28                         sfr28        00000
__Hsfr29                         sfr29        00000
__Hsfr3                          sfr3         00000
__Hsfr30                         sfr30        00000
__Hsfr31                         sfr31        00000
__Hsfr4                          sfr4         00000
__Hsfr5                          sfr5         00000
__Hsfr6                          sfr6         00000
__Hsfr7                          sfr7         00000
__Hsfr8                          sfr8         00000
__Hsfr9                          sfr9         00000
__Hspace_0                       (abs)        00800
__Hspace_1                       (abs)        0007E
__Hspace_2                       (abs)        00000
__Hspace_3                       (abs)        00000
__Hspace_4                       (abs)        10010
__Hstack                         stack        00000
__Hstrings                       strings      00000
__Htext                          text         00000
__Labs1                          abs1         00000
__Lbank0                         bank0        00000
__Lbank1                         bank1        00000
__Lbank10                        bank10       00000
__Lbank11                        bank11       00000
__Lbank12                        bank12       00000
__Lbank13                        bank13       00000
__Lbank14                        bank14       00000
__Lbank15                        bank15       00000
__Lbank16                        bank16       00000
__Lbank17                        bank17       00000
__Lbank18                        bank18       00000
__Lbank19                        bank19       00000
__Lbank2                         bank2        00000
__Lbank20                        bank20       00000
__Lbank21                        bank21       00000
__Lbank22                        bank22       00000
__Lbank23                        bank23       00000
__Lbank24                        bank24       00000
__Lbank25                        bank25       00000
__Lbank26                        bank26       00000
__Lbank27                        bank27       00000
__Lbank28                        bank28       00000
__Lbank29                        bank29       00000
__Lbank3                         bank3        00000
__Lbank30                        bank30       00000
__Lbank31                        bank31       00000
__Lbank4                         bank4        00000
__Lbank5                         bank5        00000
__Lbank6                         bank6        00000
__Lbank7                         bank7        00000
__Lbank8                         bank8        00000
__Lbank9                         bank9        00000
__Lbigram                        bigram       00000
__Lcinit                         cinit        007FD
__Lclrtext                       clrtext      00000
__Lcode                          code         00000
__Lcommon                        common       00000
__Lconfig                        config       00000
__LcstackBANK0                   cstackBANK0  00000
__LcstackCOMMON                  cstackCOMMON 00000
__Leeprom_data                   eeprom_data  00000
__Lend_init                      end_init     00002
__Lfunctab                       functab      00000
__Linit                          init         00002
__Lintentry                      intentry     00002
__Lmaintext                      maintext     00000
__Lpowerup                       powerup      00000
__Lram                           ram          00000
__Lreset_vec                     reset_vec    00000
__Lsfr0                          sfr0         00000
__Lsfr1                          sfr1         00000
__Lsfr10                         sfr10        00000
__Lsfr11                         sfr11        00000
__Lsfr12                         sfr12        00000
__Lsfr13                         sfr13        00000
__Lsfr14                         sfr14        00000
__Lsfr15                         sfr15        00000
__Lsfr16                         sfr16        00000
__Lsfr17                         sfr17        00000
__Lsfr18                         sfr18        00000
__Lsfr19                         sfr19        00000
__Lsfr2                          sfr2         00000
__Lsfr20                         sfr20        00000
__Lsfr21                         sfr21        00000
__Lsfr22                         sfr22        00000
__Lsfr23                         sfr23        00000
__Lsfr24                         sfr24        00000
__Lsfr25                         sfr25        00000
__Lsfr26                         sfr26        00000
__Lsfr27                         sfr27        00000
__Lsfr28                         sfr28        00000
__Lsfr29                         sfr29        00000
__Lsfr3                          sfr3         00000
__Lsfr30                         sfr30        00000
__Lsfr31                         sfr31        00000
__Lsfr4                          sfr4         00000
__Lsfr5                          sfr5         00000
__Lsfr6                          sfr6         00000
__Lsfr7                          sfr7         00000
__Lsfr8                          sfr8         00000
__Lsfr9                          sfr9         00000
__Lspace_0                       (abs)        00000
__Lspace_1                       (abs)        00000
__Lspace_2                       (abs)        00000
__Lspace_3                       (abs)        00000
__Lspace_4                       (abs)        00000
__Lstack                         stack        00000
__Lstrings                       strings      00000
__Ltext                          text         00000
__S0                             (abs)        00800
__S1                             (abs)        0007E
__S2                             (abs)        00000
__S3                             (abs)        00000
___int_sp                        stack        00000
___latbits                       (abs)        00001
___lwdiv                         text10       00715
___lwdiv@counter                 cstackCOMMON 0007D
___lwdiv@dividend                cstackCOMMON 00078
___lwdiv@divisor                 cstackCOMMON 00076
___lwdiv@quotient                cstackCOMMON 0007B
___sp                            stack        00000
___stackhi                       (abs)        0216F
___stacklo                       (abs)        02011
___wmul                          text9        00661
___wmul@multiplicand             cstackCOMMON 00072
___wmul@multiplier               cstackCOMMON 00070
___wmul@product                  cstackCOMMON 00074
__end_of_OSCILLATOR_Initialize   text19       005CC
__end_of_PIN_MANAGER_Initialize  text18       0064A
__end_of_SYSTEM_Initialize       text16       005DD
__end_of_WDT_Initialize          text17       005C5
__end_of___lwdiv                 text10       00751
__end_of___wmul                  text9        00680
__end_of__initialization         cinit        007FD
__end_of__read                   text3        0069F
__end_of__write                  text2        00634
__end_of_i2c_read                text5        00661
__end_of_i2c_repeated_start      text4        005F1
__end_of_i2c_start               text14       005E7
__end_of_i2c_stop                text13       005D3
__end_of_i2c_wait                text15       005FD
__end_of_i2c_write               text12       0060D
__end_of_init                    text11       00620
__end_of_main                    maintext     007A4
__end_of_map                     text8        006C4
__end_of_servo_write             text6        00715
__end_of_set_pwm                 text7        006EC
__end_of_set_pwm_freq            text1        007FD
__initialization                 cinit        007FD
__pcstackBANK0                   cstackBANK0  00020
__pcstackCOMMON                  cstackCOMMON 00070
__pmaintext                      maintext     00751
__ptext1                         text1        007A4
__ptext10                        text10       00715
__ptext11                        text11       0060D
__ptext12                        text12       005FD
__ptext13                        text13       005CC
__ptext14                        text14       005DD
__ptext15                        text15       005F1
__ptext16                        text16       005D3
__ptext17                        text17       005C1
__ptext18                        text18       00634
__ptext19                        text19       005C5
__ptext2                         text2        00620
__ptext3                         text3        00680
__ptext4                         text4        005E7
__ptext5                         text5        0064A
__ptext6                         text6        006EC
__ptext7                         text7        006C4
__ptext8                         text8        0069F
__ptext9                         text9        00661
__read                           text3        00680
__read@addr                      cstackCOMMON 00074
__read@data                      cstackCOMMON 00075
__size_of_OSCILLATOR_Initialize  (abs)        00000
__size_of_PIN_MANAGER_Initialize (abs)        00000
__size_of_SYSTEM_Initialize      (abs)        00000
__size_of_WDT_Initialize         (abs)        00000
__size_of___lwdiv                (abs)        00000
__size_of___wmul                 (abs)        00000
__size_of__read                  (abs)        00000
__size_of__write                 (abs)        00000
__size_of_i2c_read               (abs)        00000
__size_of_i2c_repeated_start     (abs)        00000
__size_of_i2c_start              (abs)        00000
__size_of_i2c_stop               (abs)        00000
__size_of_i2c_wait               (abs)        00000
__size_of_i2c_write              (abs)        00000
__size_of_init                   (abs)        00000
__size_of_main                   (abs)        00000
__size_of_map                    (abs)        00000
__size_of_servo_write            (abs)        00000
__size_of_set_pwm                (abs)        00000
__size_of_set_pwm_freq           (abs)        00000
__write                          text2        00620
__write@addr                     cstackCOMMON 00072
__write@d                        cstackCOMMON 00071
_i2c_read                        text5        0064A
_i2c_repeated_start              text4        005E7
_i2c_start                       text14       005DD
_i2c_stop                        text13       005CC
_i2c_wait                        text15       005F1
_i2c_write                       text12       005FD
_init                            text11       0060D
_main                            maintext     00751
_map                             text8        0069F
_servo_write                     text6        006EC
_set_pwm                         text7        006C4
_set_pwm_freq                    text1        007A4
btemp                            (abs)        0007E
end_of_initialization            cinit        007FD
i2c_read@ack                     cstackCOMMON 00071
i2c_read@data                    cstackCOMMON 00072
i2c_write@data                   cstackCOMMON 00070
intlevel0                        functab      00000
intlevel1                        functab      00000
intlevel2                        functab      00000
intlevel3                        functab      00000
intlevel4                        functab      00000
intlevel5                        functab      00000
main@n                           cstackBANK0  0002F
map@in_max                       cstackBANK0  00024
map@in_min                       cstackBANK0  00022
map@out_max                      cstackBANK0  00028
map@out_min                      cstackBANK0  00026
map@x                            cstackBANK0  00020
reset_vec                        reset_vec    00000
servo_write@ang                  cstackBANK0  0002A
servo_write@ch                   cstackBANK0  0002C
set_pwm@num                      cstackCOMMON 00076
set_pwm@off                      cstackCOMMON 00073
set_pwm@on                       cstackCOMMON 00071
set_pwm_freq@freq                cstackBANK0  00020
set_pwm_freq@newreg              cstackBANK0  00024
set_pwm_freq@oldreg              cstackBANK0  00027
set_pwm_freq@prescale            cstackBANK0  00023
set_pwm_freq@prescaleval         cstackBANK0  00025
start                            init         00002
start_initialization             cinit        007FD
wtemp0                           (abs)        0007E


MODULE INFORMATION

Module		Function		Class		Link	Load	Size
i2c.c
		_i2c_start     		CODE           	05DD	0000	10
		_i2c_write     		CODE           	05FD	0000	16
		_i2c_stop      		CODE           	05CC	0000	7
		_i2c_wait      		CODE           	05F1	0000	12
		_i2c_read      		CODE           	064A	0000	23
		_i2c_repeated_start		CODE           	05E7	0000	10

i2c.c estimated size: 78

mcc_generated_files/pin_manager.c
		_PIN_MANAGER_Initialize		CODE           	0634	0000	22

mcc_generated_files/pin_manager.c estimated size: 22

PCA9685.c
		_init          		CODE           	060D	0000	19
		_map           		CODE           	069F	0000	37
		_servo_write   		CODE           	06EC	0000	41
		__write        		CODE           	0620	0000	20
		__read         		CODE           	0680	0000	31
		_set_pwm       		CODE           	06C4	0000	40
		_set_pwm_freq  		CODE           	07A4	0000	89

PCA9685.c estimated size: 277

shared
		__initialization		CODE           	07FD	0000	1

shared estimated size: 1

mcc_generated_files/mcc.c
		_WDT_Initialize		CODE           	05C1	0000	4
		_OSCILLATOR_Initialize		CODE           	05C5	0000	7
		_SYSTEM_Initialize		CODE           	05D3	0000	10

mcc_generated_files/mcc.c estimated size: 21

C:\Program Files\Microchip\xc8\v2.32\pic\sources\c90\common\lwdiv.c
		___lwdiv       		CODE           	0715	0000	60

C:\Program Files\Microchip\xc8\v2.32\pic\sources\c90\common\lwdiv.c estimated size: 60

C:\Program Files\Microchip\xc8\v2.32\pic\sources\c90\common\Umul16.c
		___wmul        		CODE           	0661	0000	31

C:\Program Files\Microchip\xc8\v2.32\pic\sources\c90\common\Umul16.c estimated size: 31

main.c
		_main          		CODE           	0751	0000	83

main.c estimated size: 83

